\BOOKMARK [1][-]{section.1}{\376\377\225\356\230\230\221\315\217\360}{}% 1
\BOOKMARK [2][-]{subsection.1.1}{\376\377\225\356\230\230\200\314\146\157}{section.1}% 2
\BOOKMARK [2][-]{subsection.1.2}{\376\377\230\230\166\356\117\341\140\157\145\164\164\006}{section.1}% 3
\BOOKMARK [2][-]{subsection.1.3}{\376\377\137\205\211\343\121\263\166\204\116\224\116\052\133\120\225\356\230\230}{section.1}% 4
\BOOKMARK [1][-]{section.2}{\376\377\225\356\230\230\122\006\147\220}{}% 5
\BOOKMARK [2][-]{subsection.2.1}{\376\377\145\164\117\123\122\006\147\220\140\035\215\357}{section.2}% 6
\BOOKMARK [2][-]{subsection.2.2}{\376\377\124\004\225\356\230\230\116\113\225\364\166\204\200\124\174\373}{section.2}% 7
\BOOKMARK [1][-]{section.3}{\376\377\152\041\127\213\120\107\213\276}{}% 8
\BOOKMARK [1][-]{section.4}{\376\377\173\046\123\367\213\364\146\016}{}% 9
\BOOKMARK [1][-]{section.5}{\376\377\152\041\127\213\136\372\172\313\116\016\154\102\211\343}{}% 10
\BOOKMARK [2][-]{subsection.5.1}{\376\377\225\356\230\230\116\000\377\032\166\330\121\145\217\307\172\013\116\055\166\204\117\115\177\156\116\016\220\037\136\246\154\102\211\343}{section.5}% 11
\BOOKMARK [3][-]{subsubsection.5.1.1}{\376\377\225\356\230\230\164\006\211\343}{subsection.5.1}% 12
\BOOKMARK [3][-]{subsubsection.5.1.2}{\376\377\152\041\127\213\136\372\172\313\140\035\215\357}{subsection.5.1}% 13
\BOOKMARK [3][-]{subsubsection.5.1.3}{\376\377\237\231\131\064\122\115\142\212\142\113\166\204\217\150\217\371\152\041\127\213}{subsection.5.1}% 14
\BOOKMARK [3][-]{subsubsection.5.1.4}{\376\377\237\231\131\064\122\115\142\212\142\113\166\204\220\037\136\246\145\271\172\013}{subsection.5.1}% 15
\BOOKMARK [3][-]{subsubsection.5.1.5}{\376\377\166\370\220\273\142\212\142\113\166\204\117\115\177\156\220\022\143\250\152\041\127\213}{subsection.5.1}% 16
\BOOKMARK [3][-]{subsubsection.5.1.6}{\376\377\121\150\117\123\142\212\142\113\166\204\166\364\211\322\127\120\150\007\210\150\171\072}{subsection.5.1}% 17
\BOOKMARK [3][-]{subsubsection.5.1.7}{\376\377\124\004\142\212\142\113\220\037\136\246\152\041\127\213}{subsection.5.1}% 18
\BOOKMARK [3][-]{subsubsection.5.1.8}{\376\377\225\356\230\230\116\000\166\204\154\102\211\343\155\101\172\013}{subsection.5.1}% 19
\BOOKMARK [3][-]{subsubsection.5.1.9}{\376\377\225\356\230\230\116\000\152\041\127\213\166\204\162\171\160\271}{subsection.5.1}% 20
\BOOKMARK [3][-]{subsubsection.5.1.10}{\376\377\176\323\147\234\217\223\121\372\213\364\146\016}{subsection.5.1}% 21
\BOOKMARK [2][-]{subsection.5.2}{\376\377\225\356\230\230\116\214\377\032\166\330\121\145\217\307\172\013\116\055\166\204\170\260\144\236\122\044\133\232}{section.5}% 22
\BOOKMARK [3][-]{subsubsection.5.2.1}{\376\377\225\356\230\230\164\006\211\343}{subsection.5.2}% 23
\BOOKMARK [3][-]{subsubsection.5.2.2}{\376\377\152\041\127\213\136\372\172\313\140\035\215\357}{subsection.5.2}% 24
\BOOKMARK [3][-]{subsubsection.5.2.3}{\376\377\147\177\121\363\166\204\121\340\117\125\142\275\214\141}{subsection.5.2}% 25
\BOOKMARK [3][-]{subsubsection.5.2.4}{\376\377\120\031\220\011\170\260\144\236\133\371\214\141\166\204\173\133\220\011}{subsection.5.2}% 26
\BOOKMARK [3][-]{subsubsection.5.2.5}{\376\377\170\260\144\236\122\044\133\232\121\306\122\031}{subsection.5.2}% 27
\BOOKMARK [3][-]{subsubsection.5.2.6}{\376\377\231\226\153\041\170\260\144\236\145\366\122\073\166\204\144\034\175\042}{subsection.5.2}% 28
\BOOKMARK [3][-]{subsubsection.5.2.7}{\376\377\231\226\153\041\170\260\144\236\117\115\177\156\166\204\170\156\133\232}{subsection.5.2}% 29
\BOOKMARK [3][-]{subsubsection.5.2.8}{\376\377\225\356\230\230\116\214\166\204\154\102\211\343\155\101\172\013}{subsection.5.2}% 30
\BOOKMARK [3][-]{subsubsection.5.2.9}{\376\377\225\356\230\230\116\214\152\041\127\213\166\204\162\171\160\271}{subsection.5.2}% 31
\BOOKMARK [3][-]{subsubsection.5.2.10}{\376\377\176\323\147\234\217\223\121\372\213\364\146\016}{subsection.5.2}% 32
\BOOKMARK [2][-]{subsection.5.3}{\376\377\225\356\230\230\116\011\377\032\147\000\134\017\207\272\215\335\154\102\211\343}{section.5}% 33
\BOOKMARK [3][-]{subsubsection.5.3.1}{\376\377\225\356\230\230\164\006\211\343}{subsection.5.3}% 34
\BOOKMARK [3][-]{subsubsection.5.3.2}{\376\377\152\041\127\213\136\372\172\313\140\035\215\357}{subsection.5.3}% 35
\BOOKMARK [3][-]{subsubsection.5.3.3}{\376\377\207\272\176\277\152\041\127\213\116\016\214\003\131\064\172\172\225\364\176\246\147\137}{subsection.5.3}% 36
\BOOKMARK [3][-]{subsubsection.5.3.4}{\376\377\147\000\134\017\207\272\215\335\117\030\123\026\152\041\127\213}{subsection.5.3}% 37
\BOOKMARK [3][-]{subsubsection.5.3.5}{\376\377\207\272\215\335\133\371\170\260\144\236\230\316\226\151\166\204\137\161\124\315\122\006\147\220}{subsection.5.3}% 38
\BOOKMARK [3][-]{subsubsection.5.3.6}{\376\377\123\357\210\114\140\047\122\044\133\232\121\306\122\031}{subsection.5.3}% 39
\BOOKMARK [3][-]{subsubsection.5.3.7}{\376\377\145\160\120\074\144\034\175\042\145\271\154\325}{subsection.5.3}% 40
\BOOKMARK [3][-]{subsubsection.5.3.8}{\376\377\176\323\147\234\217\223\121\372\116\016\116\064\165\114\162\266\140\001\122\006\147\220}{subsection.5.3}% 41
\BOOKMARK [3][-]{subsubsection.5.3.9}{\376\377\225\356\230\230\116\011\166\204\154\102\211\343\155\101\172\013}{subsection.5.3}% 42
\BOOKMARK [3][-]{subsubsection.5.3.10}{\376\377\225\356\230\230\116\011\152\041\127\213\166\204\162\171\160\271}{subsection.5.3}% 43
\BOOKMARK [3][-]{subsubsection.5.3.11}{\376\377\176\323\147\234\217\223\121\372\213\364\146\016}{subsection.5.3}% 44
\BOOKMARK [2][-]{subsection.5.4}{\376\377\225\356\230\230\126\333\377\032\214\003\131\064\215\357\137\204\213\276\213\241\116\016\217\320\122\250\116\377\167\037}{section.5}% 45
\BOOKMARK [3][-]{subsubsection.5.4.1}{\376\377\225\356\230\230\164\006\211\343}{subsection.5.4}% 46
\BOOKMARK [3][-]{subsubsection.5.4.2}{\376\377\152\041\127\213\136\372\172\313\140\035\215\357}{subsection.5.4}% 47
\BOOKMARK [3][-]{subsubsection.5.4.3}{\376\377\214\003\131\064\215\357\137\204\166\204\147\204\220\040\140\035\140\363}{subsection.5.4}% 48
\BOOKMARK [3][-]{subsubsection.5.4.4}{\376\377\166\330\121\145\153\265\116\016\166\330\121\372\153\265\166\204\121\340\117\125\210\150\171\072}{subsection.5.4}% 49
\BOOKMARK [3][-]{subsubsection.5.4.5}{\376\377\214\003\131\064\127\006\137\047\153\265\166\204\123\302\145\160\145\271\172\013}{subsection.5.4}% 50
\BOOKMARK [3][-]{subsubsection.5.4.6}{\376\377\131\015\124\010\215\357\137\204\166\204\137\047\225\177\123\302\145\160\123\026}{subsection.5.4}% 51
\BOOKMARK [3][-]{subsubsection.5.4.7}{\376\377\121\150\226\037\215\337\226\217\217\320\122\250\152\041\127\213}{subsection.5.4}% 52
\BOOKMARK [3][-]{subsubsection.5.4.8}{\376\377\214\003\131\064\217\307\172\013\116\055\166\204\170\260\144\236\150\300\155\113}{subsection.5.4}% 53
\BOOKMARK [3][-]{subsubsection.5.4.9}{\376\377\214\003\131\064\215\357\137\204\225\177\136\246\116\016\145\110\147\234\213\304\116\367}{subsection.5.4}% 54
\BOOKMARK [3][-]{subsubsection.5.4.10}{\376\377\225\356\230\230\126\333\166\204\154\102\211\343\155\101\172\013}{subsection.5.4}% 55
\BOOKMARK [3][-]{subsubsection.5.4.11}{\376\377\225\356\230\230\126\333\152\041\127\213\166\204\162\171\160\271}{subsection.5.4}% 56
\BOOKMARK [3][-]{subsubsection.5.4.12}{\376\377\176\323\147\234\217\223\121\372\213\364\146\016}{subsection.5.4}% 57
\BOOKMARK [2][-]{subsection.5.5}{\376\377\225\356\230\230\116\224\377\032\147\000\131\047\121\101\213\270\210\114\217\333\220\037\136\246\122\006\147\220}{section.5}% 58
\BOOKMARK [3][-]{subsubsection.5.5.1}{\376\377\225\356\230\230\164\006\211\343}{subsection.5.5}% 59
\BOOKMARK [3][-]{subsubsection.5.5.2}{\376\377\152\041\127\213\136\372\172\313\140\035\215\357}{subsection.5.5}% 60
\BOOKMARK [3][-]{subsubsection.5.5.3}{\376\377\220\037\136\246\176\246\147\137\166\204\145\160\133\146\210\150\217\360}{subsection.5.5}% 61
\BOOKMARK [3][-]{subsubsection.5.5.4}{\376\377\237\231\131\064\220\037\136\246\116\016\121\150\226\037\220\037\136\246\166\204\121\163\174\373}{subsection.5.5}% 62
\BOOKMARK [3][-]{subsubsection.5.5.5}{\376\377\220\037\136\246\213\241\173\227\145\271\154\325}{subsection.5.5}% 63
\BOOKMARK [3][-]{subsubsection.5.5.6}{\376\377\147\000\131\047\121\101\213\270\220\037\136\246\117\030\123\026\152\041\127\213}{subsection.5.5}% 64
\BOOKMARK [3][-]{subsubsection.5.5.7}{\376\377\121\163\225\056\215\205\220\037\117\115\177\156\122\006\147\220}{subsection.5.5}% 65
\BOOKMARK [3][-]{subsubsection.5.5.8}{\376\377\145\117\141\037\140\047\122\006\147\220}{subsection.5.5}% 66
\BOOKMARK [3][-]{subsubsection.5.5.9}{\376\377\225\356\230\230\116\224\166\204\154\102\211\343\155\101\172\013}{subsection.5.5}% 67
\BOOKMARK [3][-]{subsubsection.5.5.10}{\376\377\225\356\230\230\116\224\152\041\127\213\166\204\162\171\160\271}{subsection.5.5}% 68
\BOOKMARK [3][-]{subsubsection.5.5.11}{\376\377\176\323\147\234\217\223\121\372\213\364\146\016}{subsection.5.5}% 69
\BOOKMARK [1][-]{section.6}{\376\377\145\160\120\074\133\236\232\214\116\016\145\117\141\037\140\047\122\006\147\220}{}% 70
\BOOKMARK [2][-]{subsection.6.1}{\376\377\145\160\120\074\133\236\232\214\213\276\213\241}{section.6}% 71
\BOOKMARK [2][-]{subsection.6.2}{\376\377\145\117\141\037\140\047\122\006\147\220\140\035\215\357}{section.6}% 72
\BOOKMARK [1][-]{section.7}{\376\377\152\041\127\213\213\304\116\367}{}% 73
\BOOKMARK [2][-]{subsection.7.1}{\376\377\152\041\127\213\117\030\160\271}{section.7}% 74
\BOOKMARK [2][-]{subsection.7.2}{\376\377\152\041\127\213\116\015\215\263}{section.7}% 75
\BOOKMARK [1][-]{section.8}{\376\377\000A\000I\000\040\135\345\121\167\117\177\165\050\130\360\146\016}{}% 76
\BOOKMARK [1][-]{appendix.A}{\376\377\172\013\136\217\213\364\146\016}{}% 77
\BOOKMARK [1][-]{appendix.B}{\376\377\226\104\126\376\116\016\210\145\121\105\210\150\150\074}{}% 78
